../Core/Src/main.c:126:7:currentSense	16	static
../Core/Src/main.c:132:7:voltageSense	24	static
../Core/Src/main.c:139:7:tempSense	24	static
../Core/Src/main.c:152:5:main	72	static
../Core/Src/main.c:265:6:SystemClock_Config	216	static
../Core/Src/main.c:324:13:MX_ADC1_Init	24	static
../Core/Src/main.c:446:13:MX_ADC3_Init	24	static
../Core/Src/main.c:568:13:MX_CAN1_Init	8	static
../Core/Src/main.c:605:13:MX_I2C4_Init	8	static
../Core/Src/main.c:651:13:MX_TIM2_Init	40	static
../Core/Src/main.c:696:13:MX_USART2_UART_Init	8	static
../Core/Src/main.c:729:13:MX_DMA_Init	16	static
../Core/Src/main.c:750:13:MX_GPIO_Init	64	static
../Core/Src/main.c:843:6:HAL_ADC_ConvCpltCallback	16	static
../Core/Src/main.c:847:6:updateChannel	16	static
../Core/Src/main.c:857:10:ifEssentialChannel	24	static
../Core/Src/main.c:866:6:setCurrentSense	8	static
../Core/Src/main.c:870:6:setVoltageSense	8	static
../Core/Src/main.c:874:6:setTempSense	8	static
../Core/Src/main.c:888:6:task_main_loop	400	static
../Core/Src/main.c:944:6:task_gcan_hw	16	static
../Core/Src/main.c:963:6:HAL_TIM_PeriodElapsedCallback	16	static
../Core/Src/main.c:980:6:Error_Handler	4	static,ignoring_inline_asm
